[debug] [2026-08-20T03:17:56.129Z] ----------------------------------------------------------------------
[debug] [2026-08-20T03:17:56.138Z] Command:       C:\Program Files\nodejs\node.exe C:\Users\ASUS\AppData\Roaming\npm\node_modules\firebase-tools\lib\bin\firebase.js deploy
[debug] [2026-08-20T03:17:56.138Z] CLI Version:   15.24.0
[debug] [2026-08-20T03:17:56.138Z] Platform:      win32
[debug] [2026-08-20T03:17:56.138Z] Node Version:  v24.18.0
[debug] [2026-08-20T03:17:56.138Z] Detected Agent: antigravity
[debug] [2026-08-20T03:17:56.138Z] Time:          Thu Aug 20 2026 10:17:56 GMT+0700 (Indochina Time)
[debug] [2026-08-20T03:17:56.138Z] ----------------------------------------------------------------------
[debug] 
[debug] [2026-08-20T03:17:59.074Z] > command requires scopes: ["email","openid","https://www.googleapis.com/auth/cloudplatformprojects.readonly","https://www.googleapis.com/auth/firebase","https://www.googleapis.com/auth/cloud-platform"]
[debug] [2026-08-20T03:17:59.074Z] > authorizing via signed-in user (dfawwas23@gmail.com)
[debug] [2026-08-20T03:17:59.074Z] [iam] checking project jurnal-mengajar-84ebe for permissions ["firebase.projects.get","firebasehosting.sites.update"]
[debug] [2026-08-20T03:17:59.123Z] Checked if tokens are valid: true, expires at: 1787198059436
[debug] [2026-08-20T03:17:59.123Z] Checked if tokens are valid: true, expires at: 1787198059436
[debug] [2026-08-20T03:17:59.124Z] >>> [apiv2][query] POST https://cloudresourcemanager.googleapis.com/v1/projects/jurnal-mengajar-84ebe:testIamPermissions [none]
[debug] [2026-08-20T03:17:59.124Z] >>> [apiv2][(partial)header] POST https://cloudresourcemanager.googleapis.com/v1/projects/jurnal-mengajar-84ebe:testIamPermissions  x-goog-user-project=jurnal-mengajar-84ebe
[debug] [2026-08-20T03:17:59.124Z] >>> [apiv2][body] POST https://cloudresourcemanager.googleapis.com/v1/projects/jurnal-mengajar-84ebe:testIamPermissions {"permissions":["firebase.projects.get","firebasehosting.sites.update"]}
[debug] [2026-08-20T03:18:00.662Z] <<< [apiv2][status] POST https://cloudresourcemanager.googleapis.com/v1/projects/jurnal-mengajar-84ebe:testIamPermissions 200
[debug] [2026-08-20T03:18:00.663Z] <<< [apiv2][body] POST https://cloudresourcemanager.googleapis.com/v1/projects/jurnal-mengajar-84ebe:testIamPermissions {"permissions":["firebase.projects.get","firebasehosting.sites.update"]}
[debug] [2026-08-20T03:18:00.664Z] Checked if tokens are valid: true, expires at: 1787198059436
[debug] [2026-08-20T03:18:00.664Z] Checked if tokens are valid: true, expires at: 1787198059436
[debug] [2026-08-20T03:18:00.664Z] >>> [apiv2][query] GET https://firebase.googleapis.com/v1beta1/projects/jurnal-mengajar-84ebe [none]
[debug] [2026-08-20T03:18:01.353Z] <<< [apiv2][status] GET https://firebase.googleapis.com/v1beta1/projects/jurnal-mengajar-84ebe 200
[debug] [2026-08-20T03:18:01.354Z] <<< [apiv2][body] GET https://firebase.googleapis.com/v1beta1/projects/jurnal-mengajar-84ebe {"projectId":"jurnal-mengajar-84ebe","projectNumber":"384851481624","displayName":"Jurnal Mengajar","name":"projects/jurnal-mengajar-84ebe","resources":{"hostingSite":"jurnal-mengajar-84ebe"},"state":"ACTIVE","labels":{"firebase":"enabled"},"etag":"1_0c2fdc22-b8ca-4e73-9376-4b3088bc3b17"}
[info] 
[info] === Deploying to 'jurnal-mengajar-84ebe'...
[info] 
[info] i  deploying hosting 
[debug] [2026-08-20T03:18:01.357Z] Checked if tokens are valid: true, expires at: 1787198059436
[debug] [2026-08-20T03:18:01.357Z] Checked if tokens are valid: true, expires at: 1787198059436
[debug] [2026-08-20T03:18:01.357Z] >>> [apiv2][query] GET https://firebasehosting.googleapis.com/v1beta1/projects/jurnal-mengajar-84ebe/sites/jurnalmengajarku [none]
[debug] [2026-08-20T03:18:02.468Z] <<< [apiv2][status] GET https://firebasehosting.googleapis.com/v1beta1/projects/jurnal-mengajar-84ebe/sites/jurnalmengajarku 200
[debug] [2026-08-20T03:18:02.468Z] <<< [apiv2][body] GET https://firebasehosting.googleapis.com/v1beta1/projects/jurnal-mengajar-84ebe/sites/jurnalmengajarku {"name":"projects/jurnal-mengajar-84ebe/sites/jurnalmengajarku","defaultUrl":"https://jurnalmengajarku.web.app","type":"USER_SITE"}
[debug] [2026-08-20T03:18:02.473Z] Checked if tokens are valid: true, expires at: 1787198059436
[debug] [2026-08-20T03:18:02.473Z] Checked if tokens are valid: true, expires at: 1787198059436
[debug] [2026-08-20T03:18:02.474Z] >>> [apiv2][query] POST https://firebasehosting.googleapis.com/v1beta1/projects/-/sites/jurnalmengajarku/versions [none]
[debug] [2026-08-20T03:18:02.474Z] >>> [apiv2][body] POST https://firebasehosting.googleapis.com/v1beta1/projects/-/sites/jurnalmengajarku/versions {"status":"CREATED","labels":{"deployment-tool":"cli-firebase"}}
[debug] [2026-08-20T03:18:03.972Z] <<< [apiv2][status] POST https://firebasehosting.googleapis.com/v1beta1/projects/-/sites/jurnalmengajarku/versions 200
[debug] [2026-08-20T03:18:03.972Z] <<< [apiv2][body] POST https://firebasehosting.googleapis.com/v1beta1/projects/-/sites/jurnalmengajarku/versions {"name":"projects/384851481624/sites/jurnalmengajarku/versions/b48b6a27240e7dae","status":"CREATED","config":{},"labels":{"deployment-tool":"cli-firebase"}}
[info] i  hosting[jurnalmengajarku]: beginning deploy... 
[info] i  hosting[jurnalmengajarku]: found 41 files in jurnalmengajar/build/web 
[debug] [2026-08-20T03:18:03.996Z] [hosting] uploading with 200 concurrency
[debug] [2026-08-20T03:18:04.283Z] Checked if tokens are valid: true, expires at: 1787198059436
[debug] [2026-08-20T03:18:04.283Z] Checked if tokens are valid: true, expires at: 1787198059436
[debug] [2026-08-20T03:18:04.284Z] [hosting] hash cache [anVybmFsbWVuZ2FqYXJcYnVpbGRcd2Vi] stored for 41 files
[debug] [2026-08-20T03:18:04.284Z] [hosting][hash queue][FINAL] {"max":280,"min":1,"avg":11.195121951219512,"active":0,"complete":41,"success":41,"errored":0,"retried":0,"total":41,"elapsed":284}
[debug] [2026-08-20T03:18:04.284Z] >>> [apiv2][query] POST https://firebasehosting.googleapis.com/v1beta1/projects/384851481624/sites/jurnalmengajarku/versions/b48b6a27240e7dae:populateFiles [none]
[debug] [2026-08-20T03:18:04.285Z] >>> [apiv2][body] POST https://firebasehosting.googleapis.com/v1beta1/projects/384851481624/sites/jurnalmengajarku/versions/b48b6a27240e7dae:populateFiles {"files":{"/manifest.json":"bf2af59a09307b00e4805ca849a64622b37b4eab2c5e3b25fa9f00a999f8e68b","/flutter.js":"f18220d166d49cbef02491208c46f2c5e54db9739184e304fc55b199b5724407","/favicon.png":"23c9e3fb926720283adc841c9699ae61bc5ee89c43e2ce35a2a26eea0d11f3aa","/callback.html":"dfee04521e669f928698a2e743c32fb5dea90d1dc70d52afd17f3dc16652c82c","/icons/Icon-maskable-512.png":"47351c0898a13764db94feb1c256144130e94383c8ddd918bfed6b15e0cb71b0","/icons/Icon-maskable-192.png":"3538848a3b162477b59593d9459b0eed1f7964ae6896be57765c294a7a2cfb21","/icons/Icon-512.png":"47351c0898a13764db94feb1c256144130e94383c8ddd918bfed6b15e0cb71b0","/icons/Icon-192.png":"3538848a3b162477b59593d9459b0eed1f7964ae6896be57765c294a7a2cfb21","/canvaskit/wimp.wasm":"53384687b54db78b8d55027c62eb418ef3b69d351ae0c2b1d9d917ac9cba4853","/canvaskit/wimp.js.symbols":"cb643fbb407efb3d6735f5909c4ffd84bed8c3d8ce4840f72eb06471b18d8454","/canvaskit/wimp.js":"23db45b93eec24dd6db46ac5a6fafbf0063eb50c0dcd7d253f774e050ab1baa3","/canvaskit/skwasm_heavy.wasm":"acebd34ce89ba97c086405163d12ce74336e41bb7cca4e2fcd5011ecfabd945c","/canvaskit/skwasm_heavy.js.symbols":"d43798c11b7dbd26872e27d20df1c6c43637ebb95b4cc41fd19ff092ab2565bd","/canvaskit/skwasm_heavy.js":"dd3642e247a1ea4a8c519b76278011bb194471c590373ae2659f1d3cb793287c","/canvaskit/skwasm.wasm":"ad393be86fb17a251e0af39e56bcae5c26a4b9f20adbce626e0b7df796d89368","/canvaskit/skwasm.js.symbols":"91b787a0cd397c3cd089dc81519200c5bc35bfafa2996bb5ed4b1159553973f5","/canvaskit/skwasm.js":"91ea675d523ad0a19696479888658953e290f9798a43dae6b87d9ab60cc40c1a","/canvaskit/canvaskit.wasm":"67768ebd7649dfe70c348374dc34b732152d42467c2c335701958ba1be0949c8","/canvaskit/canvaskit.js.symbols":"a03cf8cdedf01be4a751225fa1bceadf8a783cb512ff87336bf76bb329fb29db","/canvaskit/canvaskit.js":"e0e67f4b85a07ff9b9861c9f49bf88860368ec96fb4115c0d4684f54596f9700","/canvaskit/chromium/canvaskit.wasm":"b3c17e127e4e8e4912409c050050f6f63a718b6f9618a7ec388948f2493174a6","/canvaskit/chromium/canvaskit.js.symbols":"17bdb78398d7be0b2662ad813c7f9387f79014aee6f1e3b7bf39dfe81e6b8b90","/canvaskit/chromium/canvaskit.js":"ed67753aa5382460fefd96876bf5dc40c5d242d56b37664abc8468a6772478df","/assets/assets/logoJurnalMengajarLogin.png":"7ce4e468b6c1397ba8b5f73e895e479f13079d3452058aef004084e536bd828f","/assets/assets/LogoJr.png":"59417b1d39fbd850f43c85dc10be444d79c70c4a33f1db2310b743c0c4e82017","/assets/assets/logoApp.png":"ce6581b762f7f2608eb6d2098b4b1fb9329f8f073b472eca09bfa1a9bc9f0888","/assets/assets/logoAboutApp.png":"f8aecf509c72a4bd311c9e89b7c0577f64679efc0d57ec5ce4efd8138e7d361b","/assets/assets/google_logo.png":"55e718d9e3c8a26051c571c87de5c03008c7e894670da24a0aa31e3d47be28c0","/version.json":"7d55bf1d87e8ea0740d6dd045a1c7c253a6a004ad8aaba91b6e8abd7081f9ec6","/index.html":"57fb246b115a9853da3614e1112de537ec6b19b08707612b3b336a0f9e4ae03d","/flutter_service_worker.js":"c73b271847ffc78c576de35e95f6b46187eefb1d97dcb08eb9d84c45954ff310","/assets/FontManifest.json":"e38b95988f5d060cf9b7ce97cb5ac9236d6f4cc04a11d69567df97b2b4cbc5e5","/assets/AssetManifest.bin.json":"4410b5ed27b9e9f566941a09399ad264bb5ad6fb9e93bc257adc512be7072200","/assets/shaders/stretch_effect.frag":"df37894a7ac7854986bfa5d515e9af03d9138bb77be4d027db848785ebe9e357","/assets/packages/cupertino_icons/assets/CupertinoIcons.ttf":"d41473de1f7708a0702d7f19327693486512db442f6ab0cf7774e6d6576f9fcb","/assets/shaders/ink_sparkle.frag":"9d529f4d93e5dabf338537416221237a0042f9cee61c98a357340d0273c67293","/assets/AssetManifest.bin":"f380b3ebcee9b7012f134353690794571e48c834048fef14eb14b518c42d8ae3","/flutter_bootstrap.js":"b1587ba51b728b63e4050ff3c6d36283e71bbb2824f5eac52e0f5fa9259bfa32","/assets/fonts/MaterialIcons-Regular.otf":"f1c56a6ade830e3888cee07124fed83310e4131bfc4ee8be41b540c300f0868d","/assets/NOTICES":"0866d89e36c30a849dee781180bd88f1fd87ade739fe8f05033a875596ca8814","/main.dart.js":"7e84242eff14ba8d3fc1784e1798ffc664f057b2a545036aa5729881ced618e3"}}
